// Jest Snapshot v1, https://goo.gl/fbAQLP

exports[`Navbar renders correctly 1`] = `
<nav
  className="navbar"
>
  <div
    className="logo"
  >
    Logo
  </div>
  <div
    className="buttons"
  >
    <button>
      Log In
    </button>
    <button>
      Sign Up
    </button>
  </div>
</nav>
`;
